// Jest Snapshot v1, https://goo.gl/fbAQLP

exports[`accountMenu accountMenu component should match the snapshot 1`] = `
<div
  className="log-in-bar"
>
  <Login
    email=""
    handleChange={[Function]}
    handleSubmit={[Function]}
    password=""
  />
</div>
`;
