// Jest Snapshot v1, https://goo.gl/fbAQLP

exports[`Login should match the snapshot 1`] = `
<section>
  <form
    className="log-in-form"
    onSubmit={[MockFunction]}
  >
    <input
      className="log-in-email"
      name="email"
      onChange={[MockFunction]}
      placeholder="example@example.com"
      type="text"
    />
    <input
      className="log-in-password"
      name="password"
      onChange={[MockFunction]}
      placeholder="Password"
      type="password"
    />
    <button
      className="log-in-btn"
    >
      Login
    </button>
  </form>
</section>
`;
